// Vitest Snapshot v1, https://vitest.dev/guide/snapshot.html

exports[`TraceGraph > when: the user goes to the trace graph page and calls to the backend are a success > then: we render the trace waterfall graph 1`] = `
<div>
  <div
    class="ant-row css-dev-only-do-not-override-7ny38l"
    style="margin-left: -16px; margin-right: -16px;"
  >
    <div
      class="ant-col ant-col-sm-18 ant-col-md-18 css-dev-only-do-not-override-7ny38l"
      style="padding-left: 16px; padding-right: 16px;"
    >
      <div
        class="ant-space css-dev-only-do-not-override-7ny38l ant-space-vertical ant-space-gap-row-middle ant-space-gap-col-middle"
        style="width: 100%;"
      >
        <div
          class="ant-space-item"
        >
          <div>
            <div
              class=""
            >
              <div
                class="ant-card ant-card-bordered css-dev-only-do-not-override-7ny38l"
                id="collapsable"
                style="background: rgb(51, 51, 51); border-radius: 5px;"
              >
                <div
                  class="ant-card-body"
                >
                  <div
                    class="ant-table-wrapper css-dev-only-do-not-override-7ny38l"
                  >
                    <div
                      class="ant-spin-nested-loading css-dev-only-do-not-override-7ny38l"
                    >
                      <div
                        class="ant-spin-container"
                      >
                        <div
                          class="ant-table css-dev-only-do-not-override-7ny38l ant-table-fixed-header"
                        >
                          <div
                            class="ant-table-container"
                          >
                            <div
                              class="ant-table-header ant-table-sticky-holder"
                              style="overflow: hidden; top: 0px;"
                            >
                              <table
                                style="table-layout: fixed; visibility: hidden;"
                              >
                                <colgroup />
                                <thead
                                  class="ant-table-thead"
                                >
                                  <tr>
                                    <th
                                      class="ant-table-cell"
                                    >
                                      
                                    </th>
                                    <th
                                      class="ant-table-cell"
                                      scope="col"
                                    >
                                      <div
                                        class="ant-tabs ant-tabs-top css-dev-only-do-not-override-7ny38l"
                                      >
                                        <div
                                          aria-orientation="horizontal"
                                          class="ant-tabs-nav"
                                          role="tablist"
                                        >
                                          <div
                                            class="ant-tabs-nav-wrap"
                                          >
                                            <div
                                              class="ant-tabs-nav-list"
                                              style="transform: translate(0px, 0px);"
                                            >
                                              <div
                                                class="ant-tabs-tab ant-tabs-tab-active"
                                                data-node-key="1"
                                              >
                                                <div
                                                  aria-controls="rc-tabs-test-panel-1"
                                                  aria-selected="true"
                                                  class="ant-tabs-tab-btn"
                                                  id="rc-tabs-test-tab-1"
                                                  role="tab"
                                                  tabindex="0"
                                                >
                                                  0ms
                                                </div>
                                              </div>
                                              <div
                                                class="ant-tabs-tab"
                                                data-node-key="2"
                                              >
                                                <div
                                                  aria-controls="rc-tabs-test-panel-2"
                                                  aria-selected="false"
                                                  class="ant-tabs-tab-btn"
                                                  id="rc-tabs-test-tab-2"
                                                  role="tab"
                                                  tabindex="-1"
                                                >
                                                  23ms
                                                </div>
                                              </div>
                                              <div
                                                class="ant-tabs-tab"
                                                data-node-key="3"
                                              >
                                                <div
                                                  aria-controls="rc-tabs-test-panel-3"
                                                  aria-selected="false"
                                                  class="ant-tabs-tab-btn"
                                                  id="rc-tabs-test-tab-3"
                                                  role="tab"
                                                  tabindex="-1"
                                                >
                                                  46ms
                                                </div>
                                              </div>
                                              <div
                                                class="ant-tabs-ink-bar ant-tabs-ink-bar-animated"
                                                style="width: 0px; left: 0px; transform: translateX(-50%);"
                                              />
                                            </div>
                                          </div>
                                          <div
                                            class="ant-tabs-nav-operations ant-tabs-nav-operations-hidden"
                                          >
                                            <button
                                              aria-controls="rc-tabs-test-more-popup"
                                              aria-expanded="false"
                                              aria-haspopup="listbox"
                                              aria-hidden="true"
                                              class="ant-tabs-nav-more"
                                              id="rc-tabs-test-more"
                                              style="visibility: hidden; order: 1;"
                                              tabindex="-1"
                                              type="button"
                                            >
                                              <span
                                                aria-label="ellipsis"
                                                class="anticon anticon-ellipsis"
                                                role="img"
                                              >
                                                <svg
                                                  aria-hidden="true"
                                                  data-icon="ellipsis"
                                                  fill="currentColor"
                                                  focusable="false"
                                                  height="1em"
                                                  viewBox="64 64 896 896"
                                                  width="1em"
                                                >
                                                  <path
                                                    d="M176 511a56 56 0 10112 0 56 56 0 10-112 0zm280 0a56 56 0 10112 0 56 56 0 10-112 0zm280 0a56 56 0 10112 0 56 56 0 10-112 0z"
                                                  />
                                                </svg>
                                              </span>
                                            </button>
                                          </div>
                                        </div>
                                        <div
                                          class="ant-tabs-content-holder"
                                        >
                                          <div
                                            class="ant-tabs-content ant-tabs-content-top"
                                          >
                                            <div
                                              aria-hidden="false"
                                              aria-labelledby="rc-tabs-test-tab-1"
                                              class="ant-tabs-tabpane ant-tabs-tabpane-active"
                                              id="rc-tabs-test-panel-1"
                                              role="tabpanel"
                                              tabindex="0"
                                            />
                                          </div>
                                        </div>
                                      </div>
                                    </th>
                                  </tr>
                                </thead>
                              </table>
                            </div>
                            <div
                              class="ant-table-body"
                              style="overflow-y: scroll; max-height: 540px;"
                            >
                              <table
                                style="table-layout: fixed;"
                              >
                                <colgroup />
                                <tbody
                                  class="ant-table-tbody"
                                >
                                  <tr
                                    aria-hidden="true"
                                    class="ant-table-measure-row"
                                    style="height: 0px; font-size: 0px;"
                                  >
                                    <td
                                      style="padding: 0px; border: 0px; height: 0px;"
                                    >
                                      <div
                                        style="height: 0px; overflow: hidden;"
                                      >
                                         
                                      </div>
                                    </td>
                                    <td
                                      style="padding: 0px; border: 0px; height: 0px;"
                                    >
                                      <div
                                        style="height: 0px; overflow: hidden;"
                                      >
                                         
                                      </div>
                                    </td>
                                  </tr>
                                  <tr
                                    class="ant-table-row ant-table-row-level-0 row-styles"
                                    data-row-key="bfcf37f4c5b5568c"
                                  >
                                    <td
                                      class="ant-table-cell ant-table-cell-with-append"
                                    >
                                      <span
                                        class="ant-table-row-indent indent-level-0"
                                        style="padding-left: 0px;"
                                      />
                                      <button
                                        aria-expanded="false"
                                        aria-label="Expand row"
                                        class="ant-table-row-expand-icon ant-table-row-expand-icon-collapsed"
                                        type="button"
                                      />
                                      frontend:HTTP GET
                                    </td>
                                    <td
                                      class="ant-table-cell"
                                    >
                                      <div>
                                        45.15
                                        ms
                                      </div>
                                      <div
                                        aria-valuemax="100"
                                        aria-valuemin="0"
                                        aria-valuenow="98"
                                        class="ant-progress ant-progress-status-normal ant-progress-line ant-progress-line-align-end ant-progress-line-position-outer ant-progress-default css-dev-only-do-not-override-7ny38l"
                                        role="progressbar"
                                      >
                                        <div
                                          class="ant-progress-outer"
                                          style="width: 100%;"
                                        >
                                          <div
                                            class="ant-progress-inner"
                                          >
                                            <div
                                              class="ant-progress-bg ant-progress-bg-outer"
                                              style="width: 98%; height: 8px; --progress-percent: 0.98;"
                                            />
                                          </div>
                                        </div>
                                      </div>
                                    </td>
                                  </tr>
                                </tbody>
                              </table>
                            </div>
                          </div>
                        </div>
                      </div>
                    </div>
                  </div>
                </div>
              </div>
            </div>
          </div>
        </div>
      </div>
    </div>
    <div
      class="ant-col ant-col-sm-6 ant-col-md-6 css-dev-only-do-not-override-7ny38l"
      style="padding-left: 16px; padding-right: 16px;"
    >
      <div>
        <div
          class=""
        >
          <div />
        </div>
      </div>
    </div>
  </div>
</div>
`;
